// Jest Snapshot v1, https://goo.gl/fbAQLP

exports[`Insert content in slots 1`] = `<button class="action">HELLO <img></button>`;
